============================= test session starts =============================
platform win32 -- Python 3.13.5, pytest-8.3.4, pluggy-1.5.0 -- C:\ProgramData\anaconda3\python.exe
cachedir: .pytest_cache
rootdir: C:\Users\Samson Adeyomoye\Documents\mine-watcher-main
plugins: Faker-40.1.0, anyio-4.7.0
collecting ... collected 6 items

backend/tests/unit/test_spatial.py::test_ndvi_calculation PASSED         [ 16%]
backend/tests/unit/test_spatial.py::test_ndvi_division_by_zero PASSED    [ 33%]
backend/tests/unit/test_spatial.py::test_ndwi_calculation PASSED         [ 50%]
backend/tests/unit/test_spatial.py::test_bsi_calculation PASSED          [ 66%]
backend/tests/unit/test_spatial.py::test_extract_geometry_formats PASSED [ 83%]
backend/tests/unit/test_spatial.py::test_clip_raster_mocked FAILED       [100%]

================================== FAILURES ===================================
___________________________ test_clip_raster_mocked ___________________________

mock_raster_file = <function mock_raster_file.<locals>._create_raster at 0x000001FCF90311C0>
sample_boundary = {'coordinates': [[[0.0, 0.0], [0.1, 0.0], [0.1, 0.1], [0.0, 0.1], [0.0, 0.0]]], 'type': 'Polygon'}

    def test_clip_raster_mocked(mock_raster_file, sample_boundary):
        """Test clipping function with a mocked raster file."""
>       raster_path = mock_raster_file("test_clip.tif")

backend\tests\unit\test_spatial.py:76: 
_ _ _ _ _ _ _ _ _ _ _ _ _ _ _ _ _ _ _ _ _ _ _ _ _ _ _ _ _ _ _ _ _ _ _ _ _ _ _ _

filename = 'test_clip.tif', shape = (100, 100), crs = 'EPSG:4326'
transform = Affine(0.1, 0.0, 0.0,
       0.0, -0.1, 10.0)
dtype = <class 'numpy.uint16'>, nodata = 0

    def _create_raster(filename, shape=(100, 100), crs="EPSG:4326", transform=None, dtype=np.uint16, nodata=0):
        path = tmp_path / filename
        if transform is None:
            from rasterio.transform import from_origin
            transform = from_origin(0, 10, 0.1, 0.1)
    
        with rasterio.open(
            path, 'w',
            driver='GTiff',
            height=shape[0],
            width=shape[1],
            count=1,
            dtype=dtype,
            crs=crs,
            transform=transform,
            nodata=nodata
        ) as dst:
>           dst.write(np.ones(shape, dtype=dtype) * 100)

backend\tests\conftest.py:67: 
_ _ _ _ _ _ _ _ _ _ _ _ _ _ _ _ _ _ _ _ _ _ _ _ _ _ _ _ _ _ _ _ _ _ _ _ _ _ _ _

>   ???
E   ValueError: Source shape (100, 100) is inconsistent with given indexes 1

rasterio\\_io.pyx:1787: ValueError
============================== warnings summary ===============================
..\..\AppData\Roaming\Python\Python313\site-packages\reportlab\lib\rl_safe_eval.py:12
  C:\Users\Samson Adeyomoye\AppData\Roaming\Python\Python313\site-packages\reportlab\lib\rl_safe_eval.py:12: DeprecationWarning: ast.NameConstant is deprecated and will be removed in Python 3.14; use ast.Constant instead
    haveNameConstant = hasattr(ast,'NameConstant')

-- Docs: https://docs.pytest.org/en/stable/how-to/capture-warnings.html
=========================== short test summary info ===========================
FAILED backend/tests/unit/test_spatial.py::test_clip_raster_mocked - ValueError: Source shape (100, 100) is inconsistent with given indexes 1
=================== 1 failed, 5 passed, 1 warning in 0.16s ====================
